{"run_id": "task1-r0-o000-tq_4bit_nc-s32-b1-l32768", "status": "completed", "reason_code": null, "host_wall_process_median_ms": 25.979416984375}
{"run_id": "task1-r0-o001-tq_4bit_nc-s32-b8-l32768", "status": "completed", "reason_code": null, "host_wall_process_median_ms": 55.9455534296875}
{"run_id": "task1-r0-o002-tq_4bit_nc-s32-b1-l131072", "status": "completed", "reason_code": null, "host_wall_process_median_ms": 68.11926042578125}
{"run_id": "task1-r0-o003-bf16-b1-l131072", "status": "completed", "reason_code": null, "host_wall_process_median_ms": 22.261179296875}
{"run_id": "task1-r0-o004-bf16-b1-l32768", "status": "completed", "reason_code": null, "host_wall_process_median_ms": 14.0991991640625}
{"run_id": "task1-r0-o005-bf16-b8-l32768", "status": "completed", "reason_code": null, "host_wall_process_median_ms": 32.6279851875}
{"run_id": "task1-r0-o006-tq_3bit_nc-s32-b1-l131072", "status": "completed", "reason_code": null, "host_wall_process_median_ms": 57.863712296875}
{"run_id": "task1-r0-o007-tq_3bit_nc-s32-b1-l32768", "status": "completed", "reason_code": null, "host_wall_process_median_ms": 23.40398234375}
{"run_id": "task1-r0-o008-tq_3bit_nc-s32-b8-l32768", "status": "completed", "reason_code": null, "host_wall_process_median_ms": 63.98305891015625}
{"run_id": "task1-r0-o009-tq_k3v4_nc-s32-b1-l131072", "status": "completed", "reason_code": null, "host_wall_process_median_ms": 52.4683872265625}
{"run_id": "task1-r0-o010-tq_k3v4_nc-s32-b8-l32768", "status": "completed", "reason_code": null, "host_wall_process_median_ms": 59.9647044296875}
{"run_id": "task1-r0-o011-tq_k3v4_nc-s32-b1-l32768", "status": "completed", "reason_code": null, "host_wall_process_median_ms": 22.0866540703125}
{"run_id": "task1-r1-o000-tq_4bit_nc-s32-b8-l32768", "status": "completed", "reason_code": null, "host_wall_process_median_ms": 56.86932134765625}
{"run_id": "task1-r1-o001-tq_4bit_nc-s32-b1-l131072", "status": "completed", "reason_code": null, "host_wall_process_median_ms": 68.200025765625}
{"run_id": "task1-r1-o002-tq_4bit_nc-s32-b1-l32768", "status": "completed", "reason_code": null, "host_wall_process_median_ms": 26.02301373828125}
{"run_id": "task1-r1-o003-tq_k3v4_nc-s32-b8-l32768", "status": "completed", "reason_code": null, "host_wall_process_median_ms": 59.64536694921875}
{"run_id": "task1-r1-o004-tq_k3v4_nc-s32-b1-l131072", "status": "completed", "reason_code": null, "host_wall_process_median_ms": 52.4944720859375}
{"run_id": "task1-r1-o005-tq_k3v4_nc-s32-b1-l32768", "status": "completed", "reason_code": null, "host_wall_process_median_ms": 22.086920765625}
{"run_id": "task1-r1-o006-bf16-b1-l131072", "status": "completed", "reason_code": null, "host_wall_process_median_ms": 22.25768642578125}
{"run_id": "task1-r1-o007-bf16-b1-l32768", "status": "completed", "reason_code": null, "host_wall_process_median_ms": 14.096733984375}
{"run_id": "task1-r1-o008-bf16-b8-l32768", "status": "completed", "reason_code": null, "host_wall_process_median_ms": 32.62680893359375}
{"run_id": "task1-r1-o009-tq_3bit_nc-s32-b8-l32768", "status": "completed", "reason_code": null, "host_wall_process_median_ms": 64.087290484375}
{"run_id": "task1-r1-o010-tq_3bit_nc-s32-b1-l131072", "status": "completed", "reason_code": null, "host_wall_process_median_ms": 57.883234796875}
{"run_id": "task1-r1-o011-tq_3bit_nc-s32-b1-l32768", "status": "completed", "reason_code": null, "host_wall_process_median_ms": 23.43976719140625}
{"run_id": "task1-r2-o000-tq_4bit_nc-s32-b8-l32768", "status": "completed", "reason_code": null, "host_wall_process_median_ms": 56.77522629296875}
{"run_id": "task1-r2-o001-tq_4bit_nc-s32-b1-l131072", "status": "completed", "reason_code": null, "host_wall_process_median_ms": 68.20044187109374}
{"run_id": "task1-r2-o002-tq_4bit_nc-s32-b1-l32768", "status": "completed", "reason_code": null, "host_wall_process_median_ms": 26.02334957421875}
{"run_id": "task1-r2-o003-bf16-b1-l131072", "status": "completed", "reason_code": null, "host_wall_process_median_ms": 22.26092378515625}
{"run_id": "task1-r2-o004-bf16-b8-l32768", "status": "completed", "reason_code": null, "host_wall_process_median_ms": 32.62853954296875}
{"run_id": "task1-r2-o005-bf16-b1-l32768", "status": "completed", "reason_code": null, "host_wall_process_median_ms": 14.09751141796875}
{"run_id": "task1-r2-o006-tq_k3v4_nc-s32-b1-l131072", "status": "completed", "reason_code": null, "host_wall_process_median_ms": 52.463962859375}
{"run_id": "task1-r2-o007-tq_k3v4_nc-s32-b1-l32768", "status": "completed", "reason_code": null, "host_wall_process_median_ms": 22.06273901953125}
{"run_id": "task1-r2-o008-tq_k3v4_nc-s32-b8-l32768", "status": "completed", "reason_code": null, "host_wall_process_median_ms": 59.83109389453125}
{"run_id": "task1-r2-o009-tq_3bit_nc-s32-b8-l32768", "status": "completed", "reason_code": null, "host_wall_process_median_ms": 64.3960930078125}
{"run_id": "task1-r2-o010-tq_3bit_nc-s32-b1-l32768", "status": "completed", "reason_code": null, "host_wall_process_median_ms": 23.43819401171875}
{"run_id": "task1-r2-o011-tq_3bit_nc-s32-b1-l131072", "status": "completed", "reason_code": null, "host_wall_process_median_ms": 57.89250956640625}
{"task": "task1", "finished_at_utc": "2026-10-05T11:35:18.104749Z", "stopped": null, "completed_processes": 36, "planned_processes": 36}
T1_DONE
